[W socket.cpp:464] [c10d] The server socket has failed to bind to [::]:25684 (errno: 98 - Address already in use).
[W socket.cpp:464] [c10d] The server socket has failed to bind to 0.0.0.0:25684 (errno: 98 - Address already in use).
[E socket.cpp:500] [c10d] The server socket has failed to listen on any local network address.
Traceback (most recent call last):
  File "/home/epbugaev/.conda/envs/train_clone_five/bin/torchrun", line 33, in <module>
    sys.exit(load_entry_point('torch==2.2.1', 'console_scripts', 'torchrun')())
  File "/home/epbugaev/.conda/envs/train_clone_five/lib/python3.9/site-packages/torch/distributed/elastic/multiprocessing/errors/__init__.py", line 347, in wrapper
    return f(*args, **kwargs)
  File "/home/epbugaev/.conda/envs/train_clone_five/lib/python3.9/site-packages/torch/distributed/run.py", line 812, in main
    run(args)
  File "/home/epbugaev/.conda/envs/train_clone_five/lib/python3.9/site-packages/torch/distributed/run.py", line 803, in run
    elastic_launch(
  File "/home/epbugaev/.conda/envs/train_clone_five/lib/python3.9/site-packages/torch/distributed/launcher/api.py", line 135, in __call__
    return launch_agent(self._config, self._entrypoint, list(args))
  File "/home/epbugaev/.conda/envs/train_clone_five/lib/python3.9/site-packages/torch/distributed/launcher/api.py", line 259, in launch_agent
    result = agent.run()
  File "/home/epbugaev/.conda/envs/train_clone_five/lib/python3.9/site-packages/torch/distributed/elastic/metrics/api.py", line 123, in wrapper
    result = f(*args, **kwargs)
  File "/home/epbugaev/.conda/envs/train_clone_five/lib/python3.9/site-packages/torch/distributed/elastic/agent/server/api.py", line 727, in run
    result = self._invoke_run(role)
  File "/home/epbugaev/.conda/envs/train_clone_five/lib/python3.9/site-packages/torch/distributed/elastic/agent/server/api.py", line 862, in _invoke_run
    self._initialize_workers(self._worker_group)
  File "/home/epbugaev/.conda/envs/train_clone_five/lib/python3.9/site-packages/torch/distributed/elastic/metrics/api.py", line 123, in wrapper
    result = f(*args, **kwargs)
  File "/home/epbugaev/.conda/envs/train_clone_five/lib/python3.9/site-packages/torch/distributed/elastic/agent/server/api.py", line 699, in _initialize_workers
    self._rendezvous(worker_group)
  File "/home/epbugaev/.conda/envs/train_clone_five/lib/python3.9/site-packages/torch/distributed/elastic/metrics/api.py", line 123, in wrapper
    result = f(*args, **kwargs)
  File "/home/epbugaev/.conda/envs/train_clone_five/lib/python3.9/site-packages/torch/distributed/elastic/agent/server/api.py", line 542, in _rendezvous
    store, group_rank, group_world_size = spec.rdzv_handler.next_rendezvous()
  File "/home/epbugaev/.conda/envs/train_clone_five/lib/python3.9/site-packages/torch/distributed/elastic/rendezvous/static_tcp_rendezvous.py", line 55, in next_rendezvous
    self._store = TCPStore(  # type: ignore[call-arg]
torch.distributed.DistNetworkError: The server socket has failed to listen on any local network address. The server socket has failed to bind to [::]:25684 (errno: 98 - Address already in use). The server socket has failed to bind to 0.0.0.0:25684 (errno: 98 - Address already in use).
srun: error: cn-029: task 0: Exited with exit code 1
