CometLogger will be initialized in online mode
CometLogger will be initialized in online mode
COMET INFO: Experiment is live on comet.com https://www.comet.com/epbugaev/weatherpredictions/c3zk3rwmz6mvpxu26p2jr125p7mp3ux5gdm5pwxgljl3rc8eeb

GPU available: True (cuda), used: True
TPU available: False, using: 0 TPU cores
IPU available: False, using: 0 IPUs
HPU available: False, using: 0 HPUs
[checkpoint path] /home/ebugaev/checkpoints/train_single_block full world/2025-05-06-08:49d99m3
Initializing distributed: GLOBAL_RANK: 1, MEMBER: 2/2
Initializing distributed: GLOBAL_RANK: 0, MEMBER: 1/2
----------------------------------------------------------------------------------------------------
distributed_backend=nccl
All distributed processes registered. Starting with 2 processes
----------------------------------------------------------------------------------------------------

LOCAL_RANK: 1 - CUDA_VISIBLE_DEVICES: [0,1]
LOCAL_RANK: 0 - CUDA_VISIBLE_DEVICES: [0,1]

  | Name  | Type | Params | In sizes          | Out sizes            
---------------------------------------------------------------------------
0 | model | GFT  | 99.6 M | [1, 69, 128, 256] | [1, 12, 69, 128, 256]
---------------------------------------------------------------------------
99.6 M    Trainable params
14.3 K    Non-trainable params
99.6 M    Total params
398.498   Total estimated model params size (MB)
/home/epbugaev/.conda/envs/train_clone_five/lib/python3.9/site-packages/lightning/pytorch/trainer/connectors/logger_connector/result.py:433: It is recommended to use `self.log('val_loss', ..., sync_dist=True)` when logging on epoch level in distributed setting to accumulate the metric across devices.
/home/epbugaev/.conda/envs/train_clone_five/lib/python3.9/site-packages/lightning/pytorch/trainer/connectors/logger_connector/result.py:433: It is recommended to use `self.log('f RMSE_u10_first', ..., sync_dist=True)` when logging on epoch level in distributed setting to accumulate the metric across devices.
/home/epbugaev/.conda/envs/train_clone_five/lib/python3.9/site-packages/lightning/pytorch/trainer/connectors/logger_connector/result.py:433: It is recommended to use `self.log('f RMSE_u10_last', ..., sync_dist=True)` when logging on epoch level in distributed setting to accumulate the metric across devices.
/home/epbugaev/.conda/envs/train_clone_five/lib/python3.9/site-packages/lightning/pytorch/trainer/connectors/logger_connector/result.py:433: It is recommended to use `self.log('f RMSE_v10_first', ..., sync_dist=True)` when logging on epoch level in distributed setting to accumulate the metric across devices.
/home/epbugaev/.conda/envs/train_clone_five/lib/python3.9/site-packages/lightning/pytorch/trainer/connectors/logger_connector/result.py:433: It is recommended to use `self.log('f RMSE_v10_last', ..., sync_dist=True)` when logging on epoch level in distributed setting to accumulate the metric across devices.
/home/epbugaev/.conda/envs/train_clone_five/lib/python3.9/site-packages/lightning/pytorch/trainer/connectors/logger_connector/result.py:433: It is recommended to use `self.log('f RMSE_t2_first', ..., sync_dist=True)` when logging on epoch level in distributed setting to accumulate the metric across devices.
/home/epbugaev/.conda/envs/train_clone_five/lib/python3.9/site-packages/lightning/pytorch/trainer/connectors/logger_connector/result.py:433: It is recommended to use `self.log('f RMSE_t2_last', ..., sync_dist=True)` when logging on epoch level in distributed setting to accumulate the metric across devices.
/home/epbugaev/.conda/envs/train_clone_five/lib/python3.9/site-packages/lightning/pytorch/trainer/connectors/logger_connector/result.py:433: It is recommended to use `self.log('f RMSE_z500_first', ..., sync_dist=True)` when logging on epoch level in distributed setting to accumulate the metric across devices.
/home/epbugaev/.conda/envs/train_clone_five/lib/python3.9/site-packages/lightning/pytorch/trainer/connectors/logger_connector/result.py:433: It is recommended to use `self.log('f RMSE_z500_last', ..., sync_dist=True)` when logging on epoch level in distributed setting to accumulate the metric across devices.
/home/epbugaev/.conda/envs/train_clone_five/lib/python3.9/site-packages/lightning/pytorch/trainer/connectors/logger_connector/result.py:433: It is recommended to use `self.log('f RMSE_t500_first', ..., sync_dist=True)` when logging on epoch level in distributed setting to accumulate the metric across devices.
/home/epbugaev/.conda/envs/train_clone_five/lib/python3.9/site-packages/lightning/pytorch/trainer/connectors/logger_connector/result.py:433: It is recommended to use `self.log('f RMSE_t500_last', ..., sync_dist=True)` when logging on epoch level in distributed setting to accumulate the metric across devices.
/home/epbugaev/.conda/envs/train_clone_five/lib/python3.9/site-packages/lightning/pytorch/trainer/connectors/logger_connector/result.py:433: It is recommended to use `self.log('f RMSE_t50_first', ..., sync_dist=True)` when logging on epoch level in distributed setting to accumulate the metric across devices.
/home/epbugaev/.conda/envs/train_clone_five/lib/python3.9/site-packages/lightning/pytorch/trainer/connectors/logger_connector/result.py:433: It is recommended to use `self.log('f RMSE_t50_last', ..., sync_dist=True)` when logging on epoch level in distributed setting to accumulate the metric across devices.
/home/epbugaev/.conda/envs/train_clone_five/lib/python3.9/site-packages/lightning/pytorch/trainer/connectors/logger_connector/result.py:433: It is recommended to use `self.log('f RMSE_t1000_first', ..., sync_dist=True)` when logging on epoch level in distributed setting to accumulate the metric across devices.
/home/epbugaev/.conda/envs/train_clone_five/lib/python3.9/site-packages/lightning/pytorch/trainer/connectors/logger_connector/result.py:433: It is recommended to use `self.log('f RMSE_t1000_last', ..., sync_dist=True)` when logging on epoch level in distributed setting to accumulate the metric across devices.
/home/epbugaev/.conda/envs/train_clone_five/lib/python3.9/site-packages/lightning/pytorch/trainer/connectors/logger_connector/result.py:433: It is recommended to use `self.log('f RMSE_u500_first', ..., sync_dist=True)` when logging on epoch level in distributed setting to accumulate the metric across devices.
/home/epbugaev/.conda/envs/train_clone_five/lib/python3.9/site-packages/lightning/pytorch/trainer/connectors/logger_connector/result.py:433: It is recommended to use `self.log('f RMSE_u500_last', ..., sync_dist=True)` when logging on epoch level in distributed setting to accumulate the metric across devices.
/home/epbugaev/.conda/envs/train_clone_five/lib/python3.9/site-packages/lightning/pytorch/trainer/connectors/logger_connector/result.py:433: It is recommended to use `self.log('f RMSE_v500_first', ..., sync_dist=True)` when logging on epoch level in distributed setting to accumulate the metric across devices.
/home/epbugaev/.conda/envs/train_clone_five/lib/python3.9/site-packages/lightning/pytorch/trainer/connectors/logger_connector/result.py:433: It is recommended to use `self.log('f RMSE_v500_last', ..., sync_dist=True)` when logging on epoch level in distributed setting to accumulate the metric across devices.
/home/epbugaev/.conda/envs/train_clone_five/lib/python3.9/site-packages/lightning/pytorch/trainer/connectors/logger_connector/result.py:433: It is recommended to use `self.log('f RMSE_u50_first', ..., sync_dist=True)` when logging on epoch level in distributed setting to accumulate the metric across devices.
/home/epbugaev/.conda/envs/train_clone_five/lib/python3.9/site-packages/lightning/pytorch/trainer/connectors/logger_connector/result.py:433: It is recommended to use `self.log('f RMSE_u50_last', ..., sync_dist=True)` when logging on epoch level in distributed setting to accumulate the metric across devices.
/home/epbugaev/.conda/envs/train_clone_five/lib/python3.9/site-packages/lightning/pytorch/trainer/connectors/logger_connector/result.py:433: It is recommended to use `self.log('f RMSE_v50_first', ..., sync_dist=True)` when logging on epoch level in distributed setting to accumulate the metric across devices.
/home/epbugaev/.conda/envs/train_clone_five/lib/python3.9/site-packages/lightning/pytorch/trainer/connectors/logger_connector/result.py:433: It is recommended to use `self.log('f RMSE_v50_last', ..., sync_dist=True)` when logging on epoch level in distributed setting to accumulate the metric across devices.
/home/epbugaev/.conda/envs/train_clone_five/lib/python3.9/site-packages/lightning/pytorch/trainer/connectors/logger_connector/result.py:433: It is recommended to use `self.log('f RMSE_u1000_first', ..., sync_dist=True)` when logging on epoch level in distributed setting to accumulate the metric across devices.
/home/epbugaev/.conda/envs/train_clone_five/lib/python3.9/site-packages/lightning/pytorch/trainer/connectors/logger_connector/result.py:433: It is recommended to use `self.log('f RMSE_u1000_last', ..., sync_dist=True)` when logging on epoch level in distributed setting to accumulate the metric across devices.
/home/epbugaev/.conda/envs/train_clone_five/lib/python3.9/site-packages/lightning/pytorch/trainer/connectors/logger_connector/result.py:433: It is recommended to use `self.log('f RMSE_v1000_first', ..., sync_dist=True)` when logging on epoch level in distributed setting to accumulate the metric across devices.
/home/epbugaev/.conda/envs/train_clone_five/lib/python3.9/site-packages/lightning/pytorch/trainer/connectors/logger_connector/result.py:433: It is recommended to use `self.log('f RMSE_v1000_last', ..., sync_dist=True)` when logging on epoch level in distributed setting to accumulate the metric across devices.
COMET INFO: ---------------------------------------------------------------------------------------
COMET INFO: Comet.ml Experiment Summary
COMET INFO: ---------------------------------------------------------------------------------------
COMET INFO:   Data:
COMET INFO:     display_summary_level : 1
COMET INFO:     name                  : train_single_block full world
COMET INFO:     url                   : https://www.comet.com/epbugaev/weatherpredictions/c3zk3rwmz6mvpxu26p2jr125p7mp3ux5gdm5pwxgljl3rc8eeb
COMET INFO:   Others:
COMET INFO:     Created from : pytorch-lightning
COMET INFO:     Name         : train_single_block full world
COMET INFO:   Parameters:
COMET INFO:     eta_min         : 0.0
COMET INFO:     loss_type       : MAE
COMET INFO:     lr              : 0.0001
COMET INFO:     max_epoch       : 20
COMET INFO:     muti_out_nums   : 6
COMET INFO:     muti_steps      : 1
COMET INFO:     steps_per_epoch : 1745
COMET INFO:   Uploads:
COMET INFO:     conda-environment-definition : 1
COMET INFO:     conda-info                   : 1
COMET INFO:     conda-specification          : 1
COMET INFO:     environment details          : 1
COMET INFO:     filename                     : 1
COMET INFO:     git metadata                 : 1
COMET INFO:     git-patch (uncompressed)     : 1 (12.66 MB)
COMET INFO:     installed packages           : 1
COMET INFO:     model graph                  : 1
COMET INFO:     source_code                  : 3 (57.62 KB)
COMET INFO: 
Traceback (most recent call last):
  File "/home/ebugaev/WeatherPredictions/train_single_Egor.py", line 117, in <module>
    train_model(devices=devices, num_nodes=num_nodes)
  File "/home/ebugaev/WeatherPredictions/train_single_Egor.py", line 104, in train_model
    trainer.fit(model=lit_model, train_dataloaders=train_loader, val_dataloaders=valid_loader)
  File "/home/epbugaev/.conda/envs/train_clone_five/lib/python3.9/site-packages/lightning/pytorch/trainer/trainer.py", line 544, in fit
    call._call_and_handle_interrupt(
  File "/home/epbugaev/.conda/envs/train_clone_five/lib/python3.9/site-packages/lightning/pytorch/trainer/call.py", line 43, in _call_and_handle_interrupt
    return trainer.strategy.launcher.launch(trainer_fn, *args, trainer=trainer, **kwargs)
  File "/home/epbugaev/.conda/envs/train_clone_five/lib/python3.9/site-packages/lightning/pytorch/strategies/launchers/subprocess_script.py", line 102, in launch
    return function(*args, **kwargs)
  File "/home/epbugaev/.conda/envs/train_clone_five/lib/python3.9/site-packages/lightning/pytorch/trainer/trainer.py", line 580, in _fit_impl
    self._run(model, ckpt_path=ckpt_path)
  File "/home/epbugaev/.conda/envs/train_clone_five/lib/python3.9/site-packages/lightning/pytorch/trainer/trainer.py", line 989, in _run
    results = self._run_stage()
  File "/home/epbugaev/.conda/envs/train_clone_five/lib/python3.9/site-packages/lightning/pytorch/trainer/trainer.py", line 1035, in _run_stage
    self.fit_loop.run()
  File "/home/epbugaev/.conda/envs/train_clone_five/lib/python3.9/site-packages/lightning/pytorch/loops/fit_loop.py", line 202, in run
    self.advance()
  File "/home/epbugaev/.conda/envs/train_clone_five/lib/python3.9/site-packages/lightning/pytorch/loops/fit_loop.py", line 359, in advance
    self.epoch_loop.run(self._data_fetcher)
  File "/home/epbugaev/.conda/envs/train_clone_five/lib/python3.9/site-packages/lightning/pytorch/loops/training_epoch_loop.py", line 136, in run
    self.advance(data_fetcher)
  File "/home/epbugaev/.conda/envs/train_clone_five/lib/python3.9/site-packages/lightning/pytorch/loops/training_epoch_loop.py", line 240, in advance
    batch_output = self.automatic_optimization.run(trainer.optimizers[0], batch_idx, kwargs)
  File "/home/epbugaev/.conda/envs/train_clone_five/lib/python3.9/site-packages/lightning/pytorch/loops/optimization/automatic.py", line 187, in run
    self._optimizer_step(batch_idx, closure)
  File "/home/epbugaev/.conda/envs/train_clone_five/lib/python3.9/site-packages/lightning/pytorch/loops/optimization/automatic.py", line 265, in _optimizer_step
    call._call_lightning_module_hook(
  File "/home/epbugaev/.conda/envs/train_clone_five/lib/python3.9/site-packages/lightning/pytorch/trainer/call.py", line 157, in _call_lightning_module_hook
    output = fn(*args, **kwargs)
  File "/home/epbugaev/.conda/envs/train_clone_five/lib/python3.9/site-packages/lightning/pytorch/core/module.py", line 1291, in optimizer_step
    optimizer.step(closure=optimizer_closure)
  File "/home/epbugaev/.conda/envs/train_clone_five/lib/python3.9/site-packages/lightning/pytorch/core/optimizer.py", line 151, in step
    step_output = self._strategy.optimizer_step(self._optimizer, closure, **kwargs)
  File "/home/epbugaev/.conda/envs/train_clone_five/lib/python3.9/site-packages/lightning/pytorch/strategies/ddp.py", line 265, in optimizer_step
    optimizer_output = super().optimizer_step(optimizer, closure, model, **kwargs)
  File "/home/epbugaev/.conda/envs/train_clone_five/lib/python3.9/site-packages/lightning/pytorch/strategies/strategy.py", line 230, in optimizer_step
    return self.precision_plugin.optimizer_step(optimizer, model=model, closure=closure, **kwargs)
  File "/home/epbugaev/.conda/envs/train_clone_five/lib/python3.9/site-packages/lightning/pytorch/plugins/precision/precision.py", line 117, in optimizer_step
    return optimizer.step(closure=closure, **kwargs)
  File "/home/epbugaev/.conda/envs/train_clone_five/lib/python3.9/site-packages/torch/optim/lr_scheduler.py", line 75, in wrapper
    return wrapped(*args, **kwargs)
  File "/home/epbugaev/.conda/envs/train_clone_five/lib/python3.9/site-packages/torch/optim/optimizer.py", line 385, in wrapper
    out = func(*args, **kwargs)
  File "/home/epbugaev/.conda/envs/train_clone_five/lib/python3.9/site-packages/torch/optim/optimizer.py", line 76, in _use_grad
    ret = func(self, *args, **kwargs)
  File "/home/epbugaev/.conda/envs/train_clone_five/lib/python3.9/site-packages/torch/optim/adamw.py", line 164, in step
    loss = closure()
  File "/home/epbugaev/.conda/envs/train_clone_five/lib/python3.9/site-packages/lightning/pytorch/plugins/precision/precision.py", line 104, in _wrap_closure
    closure_result = closure()
  File "/home/epbugaev/.conda/envs/train_clone_five/lib/python3.9/site-packages/lightning/pytorch/loops/optimization/automatic.py", line 140, in __call__
    self._result = self.closure(*args, **kwargs)
  File "/home/epbugaev/.conda/envs/train_clone_five/lib/python3.9/site-packages/torch/utils/_contextlib.py", line 115, in decorate_context
    return func(*args, **kwargs)
  File "/home/epbugaev/.conda/envs/train_clone_five/lib/python3.9/site-packages/lightning/pytorch/loops/optimization/automatic.py", line 126, in closure
    step_output = self._step_fn()
  File "/home/epbugaev/.conda/envs/train_clone_five/lib/python3.9/site-packages/lightning/pytorch/loops/optimization/automatic.py", line 315, in _training_step
    training_step_output = call._call_strategy_hook(trainer, "training_step", *kwargs.values())
  File "/home/epbugaev/.conda/envs/train_clone_five/lib/python3.9/site-packages/lightning/pytorch/trainer/call.py", line 309, in _call_strategy_hook
    output = fn(*args, **kwargs)
  File "/home/epbugaev/.conda/envs/train_clone_five/lib/python3.9/site-packages/lightning/pytorch/strategies/strategy.py", line 381, in training_step
    return self._forward_redirection(self.model, self.lightning_module, "training_step", *args, **kwargs)
  File "/home/epbugaev/.conda/envs/train_clone_five/lib/python3.9/site-packages/lightning/pytorch/strategies/strategy.py", line 633, in __call__
    wrapper_output = wrapper_module(*args, **kwargs)
  File "/home/epbugaev/.conda/envs/train_clone_five/lib/python3.9/site-packages/torch/nn/modules/module.py", line 1511, in _wrapped_call_impl
    return self._call_impl(*args, **kwargs)
  File "/home/epbugaev/.conda/envs/train_clone_five/lib/python3.9/site-packages/torch/nn/modules/module.py", line 1520, in _call_impl
    return forward_call(*args, **kwargs)
  File "/home/epbugaev/.conda/envs/train_clone_five/lib/python3.9/site-packages/torch/nn/parallel/distributed.py", line 1523, in forward
    else self._run_ddp_forward(*inputs, **kwargs)
  File "/home/epbugaev/.conda/envs/train_clone_five/lib/python3.9/site-packages/torch/nn/parallel/distributed.py", line 1359, in _run_ddp_forward
    return self.module(*inputs, **kwargs)  # type: ignore[index]
  File "/home/epbugaev/.conda/envs/train_clone_five/lib/python3.9/site-packages/torch/nn/modules/module.py", line 1511, in _wrapped_call_impl
    return self._call_impl(*args, **kwargs)
  File "/home/epbugaev/.conda/envs/train_clone_five/lib/python3.9/site-packages/torch/nn/modules/module.py", line 1520, in _call_impl
    return forward_call(*args, **kwargs)
  File "/home/epbugaev/.conda/envs/train_clone_five/lib/python3.9/site-packages/lightning/pytorch/strategies/strategy.py", line 626, in wrapped_forward
    out = method(*_args, **_kwargs)
  File "/home/ebugaev/WeatherPredictions/LitModels/mutiout.py", line 37, in training_step
    y_hat = self.model(x)[:, [0, 2, 5], ...]
  File "/home/epbugaev/.conda/envs/train_clone_five/lib/python3.9/site-packages/torch/nn/modules/module.py", line 1511, in _wrapped_call_impl
    return self._call_impl(*args, **kwargs)
  File "/home/epbugaev/.conda/envs/train_clone_five/lib/python3.9/site-packages/torch/nn/modules/module.py", line 1520, in _call_impl
    return forward_call(*args, **kwargs)
  File "/home/ebugaev/WeatherPredictions/Models/WeatherGFTSingle.py", line 802, in forward
    x_t_emb = layer(x_t_emb)
  File "/home/epbugaev/.conda/envs/train_clone_five/lib/python3.9/site-packages/torch/nn/modules/module.py", line 1511, in _wrapped_call_impl
    return self._call_impl(*args, **kwargs)
  File "/home/epbugaev/.conda/envs/train_clone_five/lib/python3.9/site-packages/torch/nn/modules/module.py", line 1520, in _call_impl
    return forward_call(*args, **kwargs)
  File "/home/ebugaev/WeatherPredictions/Models/WeatherGFTSingle.py", line 595, in forward
    x = regular_block(x)
  File "/home/epbugaev/.conda/envs/train_clone_five/lib/python3.9/site-packages/torch/nn/modules/module.py", line 1511, in _wrapped_call_impl
    return self._call_impl(*args, **kwargs)
  File "/home/epbugaev/.conda/envs/train_clone_five/lib/python3.9/site-packages/torch/nn/modules/module.py", line 1520, in _call_impl
    return forward_call(*args, **kwargs)
  File "/home/ebugaev/WeatherPredictions/Models/WeatherGFTSingle.py", line 499, in forward
    x = self.router_MLP(x)
  File "/home/epbugaev/.conda/envs/train_clone_five/lib/python3.9/site-packages/torch/nn/modules/module.py", line 1511, in _wrapped_call_impl
    return self._call_impl(*args, **kwargs)
  File "/home/epbugaev/.conda/envs/train_clone_five/lib/python3.9/site-packages/torch/nn/modules/module.py", line 1520, in _call_impl
    return forward_call(*args, **kwargs)
  File "/home/ebugaev/WeatherPredictions/Models/WeatherGFTSingle.py", line 344, in forward
    return self.fn(x, **kwargs) + x
  File "/home/epbugaev/.conda/envs/train_clone_five/lib/python3.9/site-packages/torch/nn/modules/module.py", line 1511, in _wrapped_call_impl
    return self._call_impl(*args, **kwargs)
  File "/home/epbugaev/.conda/envs/train_clone_five/lib/python3.9/site-packages/torch/nn/modules/module.py", line 1520, in _call_impl
    return forward_call(*args, **kwargs)
  File "/home/ebugaev/WeatherPredictions/Models/WeatherGFTSingle.py", line 354, in forward
    return self.fn(self.norm(x), **kwargs)
  File "/home/epbugaev/.conda/envs/train_clone_five/lib/python3.9/site-packages/torch/nn/modules/module.py", line 1511, in _wrapped_call_impl
    return self._call_impl(*args, **kwargs)
  File "/home/epbugaev/.conda/envs/train_clone_five/lib/python3.9/site-packages/torch/nn/modules/module.py", line 1520, in _call_impl
    return forward_call(*args, **kwargs)
  File "/home/ebugaev/WeatherPredictions/Models/WeatherGFTSingle.py", line 367, in forward
    return self.net(x)
  File "/home/epbugaev/.conda/envs/train_clone_five/lib/python3.9/site-packages/torch/nn/modules/module.py", line 1511, in _wrapped_call_impl
    return self._call_impl(*args, **kwargs)
  File "/home/epbugaev/.conda/envs/train_clone_five/lib/python3.9/site-packages/torch/nn/modules/module.py", line 1520, in _call_impl
    return forward_call(*args, **kwargs)
  File "/home/epbugaev/.conda/envs/train_clone_five/lib/python3.9/site-packages/torch/nn/modules/container.py", line 217, in forward
    input = module(input)
  File "/home/epbugaev/.conda/envs/train_clone_five/lib/python3.9/site-packages/torch/nn/modules/module.py", line 1511, in _wrapped_call_impl
    return self._call_impl(*args, **kwargs)
  File "/home/epbugaev/.conda/envs/train_clone_five/lib/python3.9/site-packages/torch/nn/modules/module.py", line 1520, in _call_impl
    return forward_call(*args, **kwargs)
  File "/home/epbugaev/.conda/envs/train_clone_five/lib/python3.9/site-packages/torch/nn/modules/activation.py", line 682, in forward
    return F.gelu(input, approximate=self.approximate)
torch.cuda.OutOfMemoryError: CUDA out of memory. Tried to allocate 128.00 MiB. GPU 1 has a total capacity of 31.74 GiB of which 111.62 MiB is free. Including non-PyTorch memory, this process has 31.63 GiB memory in use. Of the allocated memory 30.55 GiB is allocated by PyTorch, and 548.30 MiB is reserved by PyTorch but unallocated. If reserved but unallocated memory is large try setting PYTORCH_CUDA_ALLOC_CONF=expandable_segments:True to avoid fragmentation.  See documentation for Memory Management  (https://pytorch.org/docs/stable/notes/cuda.html#environment-variables)
Traceback (most recent call last):
  File "/home/ebugaev/WeatherPredictions/train_single_Egor.py", line 117, in <module>
    train_model(devices=devices, num_nodes=num_nodes)
  File "/home/ebugaev/WeatherPredictions/train_single_Egor.py", line 104, in train_model
    trainer.fit(model=lit_model, train_dataloaders=train_loader, val_dataloaders=valid_loader)
  File "/home/epbugaev/.conda/envs/train_clone_five/lib/python3.9/site-packages/lightning/pytorch/trainer/trainer.py", line 544, in fit
    call._call_and_handle_interrupt(
  File "/home/epbugaev/.conda/envs/train_clone_five/lib/python3.9/site-packages/lightning/pytorch/trainer/call.py", line 43, in _call_and_handle_interrupt
    return trainer.strategy.launcher.launch(trainer_fn, *args, trainer=trainer, **kwargs)
  File "/home/epbugaev/.conda/envs/train_clone_five/lib/python3.9/site-packages/lightning/pytorch/strategies/launchers/subprocess_script.py", line 102, in launch
    return function(*args, **kwargs)
  File "/home/epbugaev/.conda/envs/train_clone_five/lib/python3.9/site-packages/lightning/pytorch/trainer/trainer.py", line 580, in _fit_impl
    self._run(model, ckpt_path=ckpt_path)
  File "/home/epbugaev/.conda/envs/train_clone_five/lib/python3.9/site-packages/lightning/pytorch/trainer/trainer.py", line 989, in _run
    results = self._run_stage()
  File "/home/epbugaev/.conda/envs/train_clone_five/lib/python3.9/site-packages/lightning/pytorch/trainer/trainer.py", line 1035, in _run_stage
    self.fit_loop.run()
  File "/home/epbugaev/.conda/envs/train_clone_five/lib/python3.9/site-packages/lightning/pytorch/loops/fit_loop.py", line 202, in run
    self.advance()
  File "/home/epbugaev/.conda/envs/train_clone_five/lib/python3.9/site-packages/lightning/pytorch/loops/fit_loop.py", line 359, in advance
    self.epoch_loop.run(self._data_fetcher)
  File "/home/epbugaev/.conda/envs/train_clone_five/lib/python3.9/site-packages/lightning/pytorch/loops/training_epoch_loop.py", line 136, in run
    self.advance(data_fetcher)
  File "/home/epbugaev/.conda/envs/train_clone_five/lib/python3.9/site-packages/lightning/pytorch/loops/training_epoch_loop.py", line 240, in advance
    batch_output = self.automatic_optimization.run(trainer.optimizers[0], batch_idx, kwargs)
  File "/home/epbugaev/.conda/envs/train_clone_five/lib/python3.9/site-packages/lightning/pytorch/loops/optimization/automatic.py", line 187, in run
    self._optimizer_step(batch_idx, closure)
  File "/home/epbugaev/.conda/envs/train_clone_five/lib/python3.9/site-packages/lightning/pytorch/loops/optimization/automatic.py", line 265, in _optimizer_step
    call._call_lightning_module_hook(
  File "/home/epbugaev/.conda/envs/train_clone_five/lib/python3.9/site-packages/lightning/pytorch/trainer/call.py", line 157, in _call_lightning_module_hook
    output = fn(*args, **kwargs)
  File "/home/epbugaev/.conda/envs/train_clone_five/lib/python3.9/site-packages/lightning/pytorch/core/module.py", line 1291, in optimizer_step
    optimizer.step(closure=optimizer_closure)
  File "/home/epbugaev/.conda/envs/train_clone_five/lib/python3.9/site-packages/lightning/pytorch/core/optimizer.py", line 151, in step
    step_output = self._strategy.optimizer_step(self._optimizer, closure, **kwargs)
  File "/home/epbugaev/.conda/envs/train_clone_five/lib/python3.9/site-packages/lightning/pytorch/strategies/ddp.py", line 265, in optimizer_step
    optimizer_output = super().optimizer_step(optimizer, closure, model, **kwargs)
  File "/home/epbugaev/.conda/envs/train_clone_five/lib/python3.9/site-packages/lightning/pytorch/strategies/strategy.py", line 230, in optimizer_step
    return self.precision_plugin.optimizer_step(optimizer, model=model, closure=closure, **kwargs)
  File "/home/epbugaev/.conda/envs/train_clone_five/lib/python3.9/site-packages/lightning/pytorch/plugins/precision/precision.py", line 117, in optimizer_step
    return optimizer.step(closure=closure, **kwargs)
  File "/home/epbugaev/.conda/envs/train_clone_five/lib/python3.9/site-packages/torch/optim/lr_scheduler.py", line 75, in wrapper
    return wrapped(*args, **kwargs)
  File "/home/epbugaev/.conda/envs/train_clone_five/lib/python3.9/site-packages/torch/optim/optimizer.py", line 385, in wrapper
    out = func(*args, **kwargs)
  File "/home/epbugaev/.conda/envs/train_clone_five/lib/python3.9/site-packages/torch/optim/optimizer.py", line 76, in _use_grad
    ret = func(self, *args, **kwargs)
  File "/home/epbugaev/.conda/envs/train_clone_five/lib/python3.9/site-packages/torch/optim/adamw.py", line 164, in step
    loss = closure()
  File "/home/epbugaev/.conda/envs/train_clone_five/lib/python3.9/site-packages/lightning/pytorch/plugins/precision/precision.py", line 104, in _wrap_closure
    closure_result = closure()
  File "/home/epbugaev/.conda/envs/train_clone_five/lib/python3.9/site-packages/lightning/pytorch/loops/optimization/automatic.py", line 140, in __call__
    self._result = self.closure(*args, **kwargs)
  File "/home/epbugaev/.conda/envs/train_clone_five/lib/python3.9/site-packages/torch/utils/_contextlib.py", line 115, in decorate_context
    return func(*args, **kwargs)
  File "/home/epbugaev/.conda/envs/train_clone_five/lib/python3.9/site-packages/lightning/pytorch/loops/optimization/automatic.py", line 126, in closure
    step_output = self._step_fn()
  File "/home/epbugaev/.conda/envs/train_clone_five/lib/python3.9/site-packages/lightning/pytorch/loops/optimization/automatic.py", line 315, in _training_step
    training_step_output = call._call_strategy_hook(trainer, "training_step", *kwargs.values())
  File "/home/epbugaev/.conda/envs/train_clone_five/lib/python3.9/site-packages/lightning/pytorch/trainer/call.py", line 309, in _call_strategy_hook
    output = fn(*args, **kwargs)
  File "/home/epbugaev/.conda/envs/train_clone_five/lib/python3.9/site-packages/lightning/pytorch/strategies/strategy.py", line 381, in training_step
    return self._forward_redirection(self.model, self.lightning_module, "training_step", *args, **kwargs)
  File "/home/epbugaev/.conda/envs/train_clone_five/lib/python3.9/site-packages/lightning/pytorch/strategies/strategy.py", line 633, in __call__
    wrapper_output = wrapper_module(*args, **kwargs)
  File "/home/epbugaev/.conda/envs/train_clone_five/lib/python3.9/site-packages/torch/nn/modules/module.py", line 1511, in _wrapped_call_impl
    return self._call_impl(*args, **kwargs)
  File "/home/epbugaev/.conda/envs/train_clone_five/lib/python3.9/site-packages/torch/nn/modules/module.py", line 1520, in _call_impl
    return forward_call(*args, **kwargs)
  File "/home/epbugaev/.conda/envs/train_clone_five/lib/python3.9/site-packages/torch/nn/parallel/distributed.py", line 1523, in forward
    else self._run_ddp_forward(*inputs, **kwargs)
  File "/home/epbugaev/.conda/envs/train_clone_five/lib/python3.9/site-packages/torch/nn/parallel/distributed.py", line 1359, in _run_ddp_forward
    return self.module(*inputs, **kwargs)  # type: ignore[index]
  File "/home/epbugaev/.conda/envs/train_clone_five/lib/python3.9/site-packages/torch/nn/modules/module.py", line 1511, in _wrapped_call_impl
    return self._call_impl(*args, **kwargs)
  File "/home/epbugaev/.conda/envs/train_clone_five/lib/python3.9/site-packages/torch/nn/modules/module.py", line 1520, in _call_impl
    return forward_call(*args, **kwargs)
  File "/home/epbugaev/.conda/envs/train_clone_five/lib/python3.9/site-packages/lightning/pytorch/strategies/strategy.py", line 626, in wrapped_forward
    out = method(*_args, **_kwargs)
  File "/home/ebugaev/WeatherPredictions/LitModels/mutiout.py", line 37, in training_step
    y_hat = self.model(x)[:, [0, 2, 5], ...]
  File "/home/epbugaev/.conda/envs/train_clone_five/lib/python3.9/site-packages/torch/nn/modules/module.py", line 1511, in _wrapped_call_impl
    return self._call_impl(*args, **kwargs)
  File "/home/epbugaev/.conda/envs/train_clone_five/lib/python3.9/site-packages/torch/nn/modules/module.py", line 1520, in _call_impl
    return forward_call(*args, **kwargs)
  File "/home/ebugaev/WeatherPredictions/Models/WeatherGFTSingle.py", line 802, in forward
    x_t_emb = layer(x_t_emb)
  File "/home/epbugaev/.conda/envs/train_clone_five/lib/python3.9/site-packages/torch/nn/modules/module.py", line 1511, in _wrapped_call_impl
    return self._call_impl(*args, **kwargs)
  File "/home/epbugaev/.conda/envs/train_clone_five/lib/python3.9/site-packages/torch/nn/modules/module.py", line 1520, in _call_impl
    return forward_call(*args, **kwargs)
  File "/home/ebugaev/WeatherPredictions/Models/WeatherGFTSingle.py", line 595, in forward
    x = regular_block(x)
  File "/home/epbugaev/.conda/envs/train_clone_five/lib/python3.9/site-packages/torch/nn/modules/module.py", line 1511, in _wrapped_call_impl
    return self._call_impl(*args, **kwargs)
  File "/home/epbugaev/.conda/envs/train_clone_five/lib/python3.9/site-packages/torch/nn/modules/module.py", line 1520, in _call_impl
    return forward_call(*args, **kwargs)
  File "/home/ebugaev/WeatherPredictions/Models/WeatherGFTSingle.py", line 499, in forward
    x = self.router_MLP(x)
  File "/home/epbugaev/.conda/envs/train_clone_five/lib/python3.9/site-packages/torch/nn/modules/module.py", line 1511, in _wrapped_call_impl
    return self._call_impl(*args, **kwargs)
  File "/home/epbugaev/.conda/envs/train_clone_five/lib/python3.9/site-packages/torch/nn/modules/module.py", line 1520, in _call_impl
    return forward_call(*args, **kwargs)
  File "/home/ebugaev/WeatherPredictions/Models/WeatherGFTSingle.py", line 344, in forward
    return self.fn(x, **kwargs) + x
  File "/home/epbugaev/.conda/envs/train_clone_five/lib/python3.9/site-packages/torch/nn/modules/module.py", line 1511, in _wrapped_call_impl
    return self._call_impl(*args, **kwargs)
  File "/home/epbugaev/.conda/envs/train_clone_five/lib/python3.9/site-packages/torch/nn/modules/module.py", line 1520, in _call_impl
    return forward_call(*args, **kwargs)
  File "/home/ebugaev/WeatherPredictions/Models/WeatherGFTSingle.py", line 354, in forward
    return self.fn(self.norm(x), **kwargs)
  File "/home/epbugaev/.conda/envs/train_clone_five/lib/python3.9/site-packages/torch/nn/modules/module.py", line 1511, in _wrapped_call_impl
    return self._call_impl(*args, **kwargs)
  File "/home/epbugaev/.conda/envs/train_clone_five/lib/python3.9/site-packages/torch/nn/modules/module.py", line 1520, in _call_impl
    return forward_call(*args, **kwargs)
  File "/home/ebugaev/WeatherPredictions/Models/WeatherGFTSingle.py", line 367, in forward
    return self.net(x)
  File "/home/epbugaev/.conda/envs/train_clone_five/lib/python3.9/site-packages/torch/nn/modules/module.py", line 1511, in _wrapped_call_impl
    return self._call_impl(*args, **kwargs)
  File "/home/epbugaev/.conda/envs/train_clone_five/lib/python3.9/site-packages/torch/nn/modules/module.py", line 1520, in _call_impl
    return forward_call(*args, **kwargs)
  File "/home/epbugaev/.conda/envs/train_clone_five/lib/python3.9/site-packages/torch/nn/modules/container.py", line 217, in forward
    input = module(input)
  File "/home/epbugaev/.conda/envs/train_clone_five/lib/python3.9/site-packages/torch/nn/modules/module.py", line 1511, in _wrapped_call_impl
    return self._call_impl(*args, **kwargs)
  File "/home/epbugaev/.conda/envs/train_clone_five/lib/python3.9/site-packages/torch/nn/modules/module.py", line 1520, in _call_impl
    return forward_call(*args, **kwargs)
  File "/home/epbugaev/.conda/envs/train_clone_five/lib/python3.9/site-packages/torch/nn/modules/activation.py", line 682, in forward
    return F.gelu(input, approximate=self.approximate)
torch.cuda.OutOfMemoryError: CUDA out of memory. Tried to allocate 128.00 MiB. GPU 0 has a total capacity of 31.74 GiB of which 111.62 MiB is free. Including non-PyTorch memory, this process has 31.63 GiB memory in use. Of the allocated memory 30.55 GiB is allocated by PyTorch, and 548.30 MiB is reserved by PyTorch but unallocated. If reserved but unallocated memory is large try setting PYTORCH_CUDA_ALLOC_CONF=expandable_segments:True to avoid fragmentation.  See documentation for Memory Management  (https://pytorch.org/docs/stable/notes/cuda.html#environment-variables)
Sanity Checking: |          | 0/? [00:00<?, ?it/s]Sanity Checking:   0%|          | 0/2 [00:00<?, ?it/s]Sanity Checking DataLoader 0:   0%|          | 0/2 [00:00<?, ?it/s]Sanity Checking DataLoader 0:  50%|█████     | 1/2 [00:14<00:14,  0.07it/s]Sanity Checking DataLoader 0: 100%|██████████| 2/2 [00:16<00:00,  0.12it/s]                                                                           Training: |          | 0/? [00:00<?, ?it/s]Training:   0%|          | 0/1745 [00:00<?, ?it/s]Epoch 0:   0%|          | 0/1745 [00:00<?, ?it/s] Epoch 0:   0%|          | 0/1745 [00:16<?, ?it/s]
[2025-05-06 08:50:39,981] torch.distributed.elastic.multiprocessing.api: [ERROR] failed (exitcode: 1) local_rank: 0 (pid: 180757) of binary: /home/epbugaev/.conda/envs/train_clone_five/bin/python
Traceback (most recent call last):
  File "/home/epbugaev/.conda/envs/train_clone_five/bin/torchrun", line 33, in <module>
    sys.exit(load_entry_point('torch==2.2.1', 'console_scripts', 'torchrun')())
  File "/home/epbugaev/.conda/envs/train_clone_five/lib/python3.9/site-packages/torch/distributed/elastic/multiprocessing/errors/__init__.py", line 347, in wrapper
    return f(*args, **kwargs)
  File "/home/epbugaev/.conda/envs/train_clone_five/lib/python3.9/site-packages/torch/distributed/run.py", line 812, in main
    run(args)
  File "/home/epbugaev/.conda/envs/train_clone_five/lib/python3.9/site-packages/torch/distributed/run.py", line 803, in run
    elastic_launch(
  File "/home/epbugaev/.conda/envs/train_clone_five/lib/python3.9/site-packages/torch/distributed/launcher/api.py", line 135, in __call__
    return launch_agent(self._config, self._entrypoint, list(args))
  File "/home/epbugaev/.conda/envs/train_clone_five/lib/python3.9/site-packages/torch/distributed/launcher/api.py", line 268, in launch_agent
    raise ChildFailedError(
torch.distributed.elastic.multiprocessing.errors.ChildFailedError: 
============================================================
/home/ebugaev/WeatherPredictions/train_single_Egor.py FAILED
------------------------------------------------------------
Failures:
[1]:
  time      : 2025-05-06_08:50:39
  host      : cn-017.localdomain
  rank      : 1 (local_rank: 1)
  exitcode  : 1 (pid: 180778)
  error_file: <N/A>
  traceback : To enable traceback see: https://pytorch.org/docs/stable/elastic/errors.html
------------------------------------------------------------
Root Cause (first observed failure):
[0]:
  time      : 2025-05-06_08:50:39
  host      : cn-017.localdomain
  rank      : 0 (local_rank: 0)
  exitcode  : 1 (pid: 180757)
  error_file: <N/A>
  traceback : To enable traceback see: https://pytorch.org/docs/stable/elastic/errors.html
============================================================
srun: error: cn-017: task 0: Exited with exit code 1
