[train-v4] staging memmap /home/ebugaev/era5_memmap/predformer_usa_2000_2004.dat -> /tmp/ebugaev/era5_stage_4066768/
[train-v4] staged in 19s: 24G
[_shell_contract] Загружен .env из /home/ebugaev/WeatherPredictions/.env
[launch_train] JobID=4066768 host=cn-009 cwd=/home/ebugaev/WeatherPredictions
[launch_train] git_sha=unknown
[launch_train] config=configs/predrnn_usa_v4.yaml nodes=1 gpus_per_node=1
[launch_train] python=/home/ebugaev/.conda/envs/weatherpred-refactor/bin/python
COMET WARNING: To get all data logged automatically, import comet_ml before the following modules: torch.
COMET INFO: Experiment is live on comet.com https://www.comet.com/epbugaev/weatherpredictions/paopcoiy4qya1xyexwyrsdd8eos9bfubgqcx33snpc0qp2mr7n

[config] /home/ebugaev/WeatherPredictions/configs/predrnn_usa_v4.yaml
[experiment] PredRNN-USA-v4-72h
[checkpoint path] /home/ebugaev/checkpoints/PredRNN-USA-v4-72h/2026-06-01-20:20kru3o
[distributed] world_size=1 rank=0
/home/ebugaev/.conda/envs/weatherpred-refactor/lib/python3.10/site-packages/torch/optim/lr_scheduler.py:156: UserWarning: The epoch parameter in `scheduler.step()` was not necessary and is being deprecated where possible. Please use `scheduler.step()` to step the scheduler. During the deprecation, if epoch is different from None, the closed form is used instead of the new chainable form, where available. Please open an issue if you are unable to replicate your use case: https://github.com/pytorch/pytorch/issues/new/choose.
  warnings.warn(EPOCH_DEPRECATION_WARNING, UserWarning)
[trainer] early stop at epoch 1343 (val_loss=0.308420)
[trainer] training finished
COMET INFO: ---------------------------------------------------------------------------------------
COMET INFO: Comet.ml Experiment Summary
COMET INFO: ---------------------------------------------------------------------------------------
COMET INFO:   Data:
COMET INFO:     display_summary_level : 1
COMET INFO:     name                  : PredRNN-USA-v4-72h-4066768
COMET INFO:     url                   : https://www.comet.com/epbugaev/weatherpredictions/paopcoiy4qya1xyexwyrsdd8eos9bfubgqcx33snpc0qp2mr7n
COMET INFO:   Metrics [count] (min, max):
COMET INFO:     RMSE_r1000_first [448] : (6.040231704711914, 20.45956039428711)
COMET INFO:     RMSE_r1000_last [448]  : (13.980607032775879, 21.069852828979492)
COMET INFO:     RMSE_r100_first [448]  : (3.5831756591796875, 20.874820709228516)
COMET INFO:     RMSE_r100_last [448]   : (6.330991744995117, 21.542911529541016)
COMET INFO:     RMSE_r150_first [448]  : (7.854065895080566, 26.128801345825195)
COMET INFO:     RMSE_r150_last [448]   : (17.76046371459961, 27.025428771972656)
COMET INFO:     RMSE_r200_first [448]  : (12.342411994934082, 34.866600036621094)
COMET INFO:     RMSE_r200_last [448]   : (31.088897705078125, 35.31790542602539)
COMET INFO:     RMSE_r250_first [448]  : (14.819244384765625, 33.37186050415039)
COMET INFO:     RMSE_r250_last [448]   : (32.43228530883789, 37.45597839355469)
COMET INFO:     RMSE_r300_first [448]  : (15.694482803344727, 31.93293571472168)
COMET INFO:     RMSE_r300_last [448]   : (31.25031089782715, 37.17478942871094)
COMET INFO:     RMSE_r400_first [448]  : (14.85373306274414, 31.335121154785156)
COMET INFO:     RMSE_r400_last [448]   : (29.92416763305664, 35.854331970214844)
COMET INFO:     RMSE_r500_first [448]  : (13.124418258666992, 30.86701202392578)
COMET INFO:     RMSE_r500_last [448]   : (28.790348052978516, 34.119171142578125)
COMET INFO:     RMSE_r50_first [448]   : (0.47537145018577576, 5.790297031402588)
COMET INFO:     RMSE_r50_last [448]    : (0.7826433181762695, 5.583207130432129)
COMET INFO:     RMSE_r600_first [448]  : (11.571869850158691, 32.74452590942383)
COMET INFO:     RMSE_r600_last [448]   : (28.035282135009766, 33.23833084106445)
COMET INFO:     RMSE_r700_first [448]  : (10.867691993713379, 32.821529388427734)
COMET INFO:     RMSE_r700_last [448]   : (27.659950256347656, 34.03266143798828)
COMET INFO:     RMSE_r850_first [448]  : (10.520418167114258, 28.64942741394043)
COMET INFO:     RMSE_r850_last [448]   : (24.75704574584961, 28.339706420898438)
COMET INFO:     RMSE_r925_first [448]  : (8.448415756225586, 24.549631118774414)
COMET INFO:     RMSE_r925_last [448]   : (19.3519287109375, 25.046667098999023)
COMET INFO:     RMSE_t1000_first [448] : (1.1703367233276367, 9.197309494018555)
COMET INFO:     RMSE_t1000_last [448]  : (3.697967290878296, 9.121750831604004)
COMET INFO:     RMSE_t100_first [448]  : (0.9946302771568298, 7.449905872344971)
COMET INFO:     RMSE_t100_last [448]   : (2.6125292778015137, 7.621882438659668)
COMET INFO:     RMSE_t150_first [448]  : (0.9426220655441284, 6.06279993057251)
COMET INFO:     RMSE_t150_last [448]   : (3.4995226860046387, 6.106340408325195)
COMET INFO:     RMSE_t200_first [448]  : (0.9514705538749695, 4.732895374298096)
COMET INFO:     RMSE_t200_last [448]   : (4.209198951721191, 5.002816677093506)
COMET INFO:     RMSE_t250_first [448]  : (0.8191537261009216, 4.491242408752441)
COMET INFO:     RMSE_t250_last [448]   : (3.072597026824951, 4.576679706573486)
COMET INFO:     RMSE_t2_first [448]    : (1.3949358463287354, 9.788399696350098)
COMET INFO:     RMSE_t2_last [448]     : (3.427625894546509, 10.545320510864258)
COMET INFO:     RMSE_t300_first [448]  : (0.7621359825134277, 5.247125625610352)
COMET INFO:     RMSE_t300_last [448]   : (2.8084471225738525, 5.073627471923828)
COMET INFO:     RMSE_t400_first [448]  : (0.7482973337173462, 6.508555889129639)
COMET INFO:     RMSE_t400_last [448]   : (3.3314802646636963, 6.186246395111084)
COMET INFO:     RMSE_t500_first [448]  : (0.7524694204330444, 7.130001544952393)
COMET INFO:     RMSE_t500_last [448]   : (3.384446382522583, 6.300178050994873)
COMET INFO:     RMSE_t50_first [448]   : (0.9155445694923401, 4.370789527893066)
COMET INFO:     RMSE_t50_last [448]    : (1.8366400003433228, 4.408254623413086)
COMET INFO:     RMSE_t600_first [448]  : (0.7591465711593628, 7.6614861488342285)
COMET INFO:     RMSE_t600_last [448]   : (3.3611578941345215, 7.437664985656738)
COMET INFO:     RMSE_t700_first [448]  : (0.8288517594337463, 5.72238302230835)
COMET INFO:     RMSE_t700_last [448]   : (3.539303779602051, 5.8928751945495605)
COMET INFO:     RMSE_t850_first [448]  : (1.060286283493042, 10.183507919311523)
COMET INFO:     RMSE_t850_last [448]   : (4.144707679748535, 11.152318000793457)
COMET INFO:     RMSE_t925_first [448]  : (1.0933599472045898, 9.368070602416992)
COMET INFO:     RMSE_t925_last [448]   : (4.111878395080566, 9.629295349121094)
COMET INFO:     RMSE_tp_first [448]    : (0.00033277770853601396, 0.00043107563396915793)
COMET INFO:     RMSE_tp_last [448]     : (0.000421993579948321, 0.00043393130181357265)
COMET INFO:     RMSE_u1000_first [448] : (1.1838679313659668, 4.970182418823242)
COMET INFO:     RMSE_u1000_last [448]  : (4.264184474945068, 4.966261863708496)
COMET INFO:     RMSE_u100_first [448]  : (2.2403905391693115, 10.319669723510742)
COMET INFO:     RMSE_u100_last [448]   : (5.7903733253479, 10.659783363342285)
COMET INFO:     RMSE_u10_first [448]   : (1.0506608486175537, 4.3417840003967285)
COMET INFO:     RMSE_u10_last [448]    : (3.7889394760131836, 4.36416482925415)
COMET INFO:     RMSE_u150_first [448]  : (2.6833789348602295, 13.899763107299805)
COMET INFO:     RMSE_u150_last [448]   : (8.952207565307617, 14.056934356689453)
COMET INFO:     RMSE_u200_first [448]  : (3.1984317302703857, 17.81562614440918)
COMET INFO:     RMSE_u200_last [448]   : (12.378363609313965, 18.282114028930664)
COMET INFO:     RMSE_u250_first [448]  : (3.228203773498535, 17.64358901977539)
COMET INFO:     RMSE_u250_last [448]   : (13.860128402709961, 18.159379959106445)
COMET INFO:     RMSE_u300_first [448]  : (3.0791549682617188, 16.0830020904541)
COMET INFO:     RMSE_u300_last [448]   : (13.147676467895508, 16.34701156616211)
COMET INFO:     RMSE_u400_first [448]  : (2.6195502281188965, 13.125436782836914)
COMET INFO:     RMSE_u400_last [448]   : (10.79882526397705, 13.475963592529297)
COMET INFO:     RMSE_u500_first [448]  : (2.2164409160614014, 11.103510856628418)
COMET INFO:     RMSE_u500_last [448]   : (8.746216773986816, 11.430984497070312)
COMET INFO:     RMSE_u50_first [448]   : (1.951815128326416, 8.173912048339844)
COMET INFO:     RMSE_u50_last [448]    : (3.897416591644287, 8.826942443847656)
COMET INFO:     RMSE_u600_first [448]  : (2.000810384750366, 8.88486099243164)
COMET INFO:     RMSE_u600_last [448]   : (7.417424201965332, 9.24074649810791)
COMET INFO:     RMSE_u700_first [448]  : (1.9009896516799927, 8.149811744689941)
COMET INFO:     RMSE_u700_last [448]   : (6.5120320320129395, 8.155251502990723)
COMET INFO:     RMSE_u850_first [448]  : (1.7621351480484009, 6.938453674316406)
COMET INFO:     RMSE_u850_last [448]   : (5.858397960662842, 7.079665184020996)
COMET INFO:     RMSE_u925_first [448]  : (1.544366717338562, 6.3038411140441895)
COMET INFO:     RMSE_u925_last [448]   : (5.636107444763184, 6.4332356452941895)
COMET INFO:     RMSE_v1000_first [448] : (1.218407392501831, 5.333937168121338)
COMET INFO:     RMSE_v1000_last [448]  : (4.750979423522949, 5.2799296379089355)
COMET INFO:     RMSE_v100_first [448]  : (2.1697030067443848, 7.1168670654296875)
COMET INFO:     RMSE_v100_last [448]   : (5.9679412841796875, 7.041840553283691)
COMET INFO:     RMSE_v10_first [448]   : (1.077947974205017, 4.472202777862549)
COMET INFO:     RMSE_v10_last [448]    : (4.12901496887207, 4.545688629150391)
COMET INFO:     RMSE_v150_first [448]  : (2.5693421363830566, 10.904484748840332)
COMET INFO:     RMSE_v150_last [448]   : (9.491859436035156, 11.083671569824219)
COMET INFO:     RMSE_v200_first [448]  : (3.1497552394866943, 15.079338073730469)
COMET INFO:     RMSE_v200_last [448]   : (13.745475769042969, 15.477762222290039)
COMET INFO:     RMSE_v250_first [448]  : (3.3384346961975098, 16.80733871459961)
COMET INFO:     RMSE_v250_last [448]   : (15.872282028198242, 17.453176498413086)
COMET INFO:     RMSE_v300_first [448]  : (3.199418544769287, 15.514092445373535)
COMET INFO:     RMSE_v300_last [448]   : (15.094040870666504, 16.671480178833008)
COMET INFO:     RMSE_v400_first [448]  : (2.704678535461426, 12.417686462402344)
COMET INFO:     RMSE_v400_last [448]   : (11.995332717895508, 13.370814323425293)
COMET INFO:     RMSE_v500_first [448]  : (2.279604911804199, 10.001520156860352)
COMET INFO:     RMSE_v500_last [448]   : (9.703054428100586, 10.83462142944336)
COMET INFO:     RMSE_v50_first [448]   : (1.8143566846847534, 3.7768771648406982)
COMET INFO:     RMSE_v50_last [448]    : (3.254603385925293, 4.004388332366943)
COMET INFO:     RMSE_v600_first [448]  : (2.0608766078948975, 8.421673774719238)
COMET INFO:     RMSE_v600_last [448]   : (8.165007591247559, 9.11824893951416)
COMET INFO:     RMSE_v700_first [448]  : (1.947984218597412, 7.322462558746338)
COMET INFO:     RMSE_v700_last [448]   : (7.061678886413574, 7.877638339996338)
COMET INFO:     RMSE_v850_first [448]  : (1.7998545169830322, 6.545779228210449)
COMET INFO:     RMSE_v850_last [448]   : (6.397159099578857, 7.02555513381958)
COMET INFO:     RMSE_v925_first [448]  : (1.5979365110397339, 6.477865219116211)
COMET INFO:     RMSE_v925_last [448]   : (6.297812461853027, 6.861330986022949)
COMET INFO:     RMSE_z1000_first [448] : (76.6493148803711, 802.64453125)
COMET INFO:     RMSE_z1000_last [448]  : (518.0152587890625, 770.4380493164062)
COMET INFO:     RMSE_z100_first [448]  : (135.56790161132812, 2158.1171875)
COMET INFO:     RMSE_z100_last [448]   : (621.8917846679688, 2802.731201171875)
COMET INFO:     RMSE_z150_first [448]  : (130.21461486816406, 1832.1658935546875)
COMET INFO:     RMSE_z150_last [448]   : (819.8192138671875, 1997.117431640625)
COMET INFO:     RMSE_z200_first [448]  : (130.6483612060547, 4608.91796875)
COMET INFO:     RMSE_z200_last [448]   : (1005.256591796875, 4461.37646484375)
COMET INFO:     RMSE_z250_first [448]  : (129.48048400878906, 2509.86572265625)
COMET INFO:     RMSE_z250_last [448]   : (1099.3511962890625, 2477.744384765625)
COMET INFO:     RMSE_z300_first [448]  : (123.7109375, 2268.052734375)
COMET INFO:     RMSE_z300_last [448]   : (1071.124267578125, 2333.79541015625)
COMET INFO:     RMSE_z400_first [448]  : (107.50559997558594, 2149.913330078125)
COMET INFO:     RMSE_z400_last [448]   : (902.2600708007812, 2199.225341796875)
COMET INFO:     RMSE_z500_first [448]  : (92.49935150146484, 2740.308837890625)
COMET INFO:     RMSE_z500_last [448]   : (746.1312866210938, 2963.2333984375)
COMET INFO:     RMSE_z50_first [448]   : (165.3134765625, 2340.96337890625)
COMET INFO:     RMSE_z50_last [448]    : (444.14483642578125, 2397.942138671875)
COMET INFO:     RMSE_z600_first [448]  : (81.8597412109375, 2334.884765625)
COMET INFO:     RMSE_z600_last [448]   : (628.917724609375, 2194.882568359375)
COMET INFO:     RMSE_z700_first [448]  : (75.10308074951172, 1074.268310546875)
COMET INFO:     RMSE_z700_last [448]   : (545.6026611328125, 1082.7860107421875)
COMET INFO:     RMSE_z850_first [448]  : (70.46247100830078, 865.4234619140625)
COMET INFO:     RMSE_z850_last [448]   : (488.9869384765625, 795.2014770507812)
COMET INFO:     RMSE_z925_first [448]  : (71.77841186523438, 666.4322509765625)
COMET INFO:     RMSE_z925_last [448]   : (495.56927490234375, 704.988525390625)
COMET INFO:     lr [833]               : (1.6297187812597258e-06, 9.999983740272e-05)
COMET INFO:     train_loss [833]       : (0.11682427674531937, 0.6825896501541138)
COMET INFO:     val_loss [448]         : (0.3072100281715393, 0.6460928320884705)
COMET INFO:   Others:
COMET INFO:     Name : PredRNN-USA-v4-72h-4066768
COMET INFO:   Uploads:
COMET INFO:     conda-environment-definition : 1
COMET INFO:     conda-info                   : 1
COMET INFO:     conda-specification          : 1
COMET INFO:     environment details          : 1
COMET INFO:     figures                      : 15
COMET INFO:     filename                     : 1
COMET INFO:     git metadata                 : 1
COMET INFO:     installed packages           : 1
COMET INFO:     source_code                  : 2 (19.29 KB)
COMET INFO: 
COMET WARNING: To get all data logged automatically, import comet_ml before the following modules: torch.
