[train-v4] staging memmap /home/ebugaev/era5_memmap/predformer_usa_2000_2004.dat -> /tmp/ebugaev/era5_stage_4066747/
[train-v4] staged in 19s: 24G
[_shell_contract] Загружен .env из /home/ebugaev/WeatherPredictions/.env
[launch_train] JobID=4066747 host=cn-007 cwd=/home/ebugaev/WeatherPredictions
[launch_train] git_sha=unknown
[launch_train] config=configs/simvp_usa_v4.yaml nodes=1 gpus_per_node=1
[launch_train] python=/home/ebugaev/.conda/envs/weatherpred-refactor/bin/python
/home/ebugaev/.conda/envs/weatherpred-refactor/lib/python3.10/site-packages/torch/utils/data/dataloader.py:558: UserWarning: This DataLoader will create 8 worker processes in total. Our suggested max number of worker in current system is 4, which is smaller than what this DataLoader is going to create. Please be aware that excessive worker creation might get DataLoader running slow or even freeze, lower the worker number to avoid potential slowness/freeze if necessary.
  warnings.warn(_create_warning_msg(
COMET WARNING: To get all data logged automatically, import comet_ml before the following modules: torch.
COMET INFO: Experiment is live on comet.com https://www.comet.com/epbugaev/weatherpredictions/uxblpm9g302n4wa39idxwi88corf5ee345uhkyslbbtb8t92po

[config] /home/ebugaev/WeatherPredictions/configs/simvp_usa_v4.yaml
[experiment] SimVP-USA-v4-72h
[checkpoint path] /home/ebugaev/checkpoints/SimVP-USA-v4-72h/2026-06-01-20:20l4ijn
[distributed] world_size=1 rank=0
[bench] mode active (BENCH_MAX_STEPS=3, PROFILE_TRACE_DIR=None); skipping validation and checkpointing
[trainer] training finished
COMET INFO: ---------------------------------------------------------------------------------------
COMET INFO: Comet.ml Experiment Summary
COMET INFO: ---------------------------------------------------------------------------------------
COMET INFO:   Data:
COMET INFO:     display_summary_level : 1
COMET INFO:     name                  : SimVP-USA-v4-72h-4066747
COMET INFO:     url                   : https://www.comet.com/epbugaev/weatherpredictions/uxblpm9g302n4wa39idxwi88corf5ee345uhkyslbbtb8t92po
COMET INFO:   Others:
COMET INFO:     Name : SimVP-USA-v4-72h-4066747
COMET INFO:   Uploads:
COMET INFO:     conda-environment-definition : 1
COMET INFO:     conda-info                   : 1
COMET INFO:     conda-specification          : 1
COMET INFO:     environment details          : 1
COMET INFO:     filename                     : 1
COMET INFO:     git metadata                 : 1
COMET INFO:     installed packages           : 1
COMET INFO:     source_code                  : 2 (19.29 KB)
COMET INFO: 
COMET WARNING: To get all data logged automatically, import comet_ml before the following modules: torch.
COMET INFO: Please wait for metadata to finish uploading (timeout is 3600 seconds)
COMET INFO: Uploading 25 metrics, params and output messages
