CUDA_VISIBLE_DEVICES=0
Thu May  7 03:49:09 2026       
+-----------------------------------------------------------------------------------------+
| NVIDIA-SMI 550.163.01             Driver Version: 550.163.01     CUDA Version: 12.4     |
|-----------------------------------------+------------------------+----------------------+
| GPU  Name                 Persistence-M | Bus-Id          Disp.A | Volatile Uncorr. ECC |
| Fan  Temp   Perf          Pwr:Usage/Cap |           Memory-Usage | GPU-Util  Compute M. |
|                                         |                        |               MIG M. |
|=========================================+========================+======================|
|   0  Tesla V100-SXM2-32GB           On  |   00000000:1A:00.0 Off |                    0 |
| N/A   45C    P0             44W /  300W |       1MiB /  32768MiB |      0%      Default |
|                                         |                        |                  N/A |
+-----------------------------------------+------------------------+----------------------+
                                                                                         
+-----------------------------------------------------------------------------------------+
| Processes:                                                                              |
|  GPU   GI   CI        PID   Type   Process name                              GPU Memory |
|        ID   ID                                                               Usage      |
|=========================================================================================|
|  No running processes found                                                             |
+-----------------------------------------------------------------------------------------+
torch.cuda.is_available: True
torch.cuda.device_count: 1
torch.cuda.devices: ['Tesla V100-SXM2-32GB']
/home/ebugaev/.conda/envs/weatherpred-gft-fix/lib/python3.10/site-packages/timm/models/layers/__init__.py:49: FutureWarning: Importing from timm.models.layers is deprecated, please import via timm.layers
  warnings.warn(f"Importing from {__name__} is deprecated, please import via timm.layers", FutureWarning)
CometLogger will be initialized in online mode
GPU available: True (cuda), used: True
TPU available: False, using: 0 TPU cores
IPU available: False, using: 0 IPUs
HPU available: False, using: 0 HPUs
[config] /home/ebugaev/WeatherPredictions/configs/predformer_usa.yaml
[experiment] PredFormer-USA
[checkpoint path] /home/ebugaev/checkpoints/PredFormer-USA/2026-05-07-03:53nxh98
Initializing distributed: GLOBAL_RANK: 0, MEMBER: 1/1
----------------------------------------------------------------------------------------------------
distributed_backend=nccl
All distributed processes registered. Starting with 1 processes
----------------------------------------------------------------------------------------------------

COMET INFO: Experiment is live on comet.com https://www.comet.com/epbugaev/weatherpredictions/oyp2n7hmzlyl19ceqvnb3b3od23dvbr2uhwiwg6sv64fujljyg

LOCAL_RANK: 0 - CUDA_VISIBLE_DEVICES: [0]

  | Name  | Type             | Params | In sizes            | Out sizes          
---------------------------------------------------------------------------------------
0 | model | PredFormer_Model | 78.1 M | [1, 12, 69, 32, 64] | [1, 12, 69, 32, 64]
---------------------------------------------------------------------------------------
78.1 M    Trainable params
0         Non-trainable params
78.1 M    Total params
312.432   Total estimated model params size (MB)
SLURM auto-requeueing enabled. Setting signal handlers.
/home/ebugaev/.conda/envs/weatherpred-gft-fix/lib/python3.10/site-packages/lightning/pytorch/trainer/connectors/logger_connector/result.py:441: It is recommended to use `self.log('val_loss', ..., sync_dist=True)` when logging on epoch level in distributed setting to accumulate the metric across devices.
/home/ebugaev/.conda/envs/weatherpred-gft-fix/lib/python3.10/site-packages/lightning/pytorch/trainer/connectors/logger_connector/result.py:441: It is recommended to use `self.log('RMSE_u10_first', ..., sync_dist=True)` when logging on epoch level in distributed setting to accumulate the metric across devices.
/home/ebugaev/.conda/envs/weatherpred-gft-fix/lib/python3.10/site-packages/lightning/pytorch/trainer/connectors/logger_connector/result.py:441: It is recommended to use `self.log('RMSE_u10_last', ..., sync_dist=True)` when logging on epoch level in distributed setting to accumulate the metric across devices.
/home/ebugaev/.conda/envs/weatherpred-gft-fix/lib/python3.10/site-packages/lightning/pytorch/trainer/connectors/logger_connector/result.py:441: It is recommended to use `self.log('RMSE_v10_first', ..., sync_dist=True)` when logging on epoch level in distributed setting to accumulate the metric across devices.
/home/ebugaev/.conda/envs/weatherpred-gft-fix/lib/python3.10/site-packages/lightning/pytorch/trainer/connectors/logger_connector/result.py:441: It is recommended to use `self.log('RMSE_v10_last', ..., sync_dist=True)` when logging on epoch level in distributed setting to accumulate the metric across devices.
/home/ebugaev/.conda/envs/weatherpred-gft-fix/lib/python3.10/site-packages/lightning/pytorch/trainer/connectors/logger_connector/result.py:441: It is recommended to use `self.log('RMSE_t2_first', ..., sync_dist=True)` when logging on epoch level in distributed setting to accumulate the metric across devices.
/home/ebugaev/.conda/envs/weatherpred-gft-fix/lib/python3.10/site-packages/lightning/pytorch/trainer/connectors/logger_connector/result.py:441: It is recommended to use `self.log('RMSE_t2_last', ..., sync_dist=True)` when logging on epoch level in distributed setting to accumulate the metric across devices.
/home/ebugaev/.conda/envs/weatherpred-gft-fix/lib/python3.10/site-packages/lightning/pytorch/trainer/connectors/logger_connector/result.py:441: It is recommended to use `self.log('RMSE_z500_first', ..., sync_dist=True)` when logging on epoch level in distributed setting to accumulate the metric across devices.
/home/ebugaev/.conda/envs/weatherpred-gft-fix/lib/python3.10/site-packages/lightning/pytorch/trainer/connectors/logger_connector/result.py:441: It is recommended to use `self.log('RMSE_z500_last', ..., sync_dist=True)` when logging on epoch level in distributed setting to accumulate the metric across devices.
/home/ebugaev/.conda/envs/weatherpred-gft-fix/lib/python3.10/site-packages/lightning/pytorch/trainer/connectors/logger_connector/result.py:441: It is recommended to use `self.log('RMSE_t500_first', ..., sync_dist=True)` when logging on epoch level in distributed setting to accumulate the metric across devices.
/home/ebugaev/.conda/envs/weatherpred-gft-fix/lib/python3.10/site-packages/lightning/pytorch/trainer/connectors/logger_connector/result.py:441: It is recommended to use `self.log('RMSE_t500_last', ..., sync_dist=True)` when logging on epoch level in distributed setting to accumulate the metric across devices.
/home/ebugaev/.conda/envs/weatherpred-gft-fix/lib/python3.10/site-packages/lightning/pytorch/trainer/connectors/logger_connector/result.py:441: It is recommended to use `self.log('RMSE_t50_first', ..., sync_dist=True)` when logging on epoch level in distributed setting to accumulate the metric across devices.
/home/ebugaev/.conda/envs/weatherpred-gft-fix/lib/python3.10/site-packages/lightning/pytorch/trainer/connectors/logger_connector/result.py:441: It is recommended to use `self.log('RMSE_t50_last', ..., sync_dist=True)` when logging on epoch level in distributed setting to accumulate the metric across devices.
/home/ebugaev/.conda/envs/weatherpred-gft-fix/lib/python3.10/site-packages/lightning/pytorch/trainer/connectors/logger_connector/result.py:441: It is recommended to use `self.log('RMSE_t1000_first', ..., sync_dist=True)` when logging on epoch level in distributed setting to accumulate the metric across devices.
/home/ebugaev/.conda/envs/weatherpred-gft-fix/lib/python3.10/site-packages/lightning/pytorch/trainer/connectors/logger_connector/result.py:441: It is recommended to use `self.log('RMSE_t1000_last', ..., sync_dist=True)` when logging on epoch level in distributed setting to accumulate the metric across devices.
/home/ebugaev/.conda/envs/weatherpred-gft-fix/lib/python3.10/site-packages/lightning/pytorch/trainer/connectors/logger_connector/result.py:441: It is recommended to use `self.log('RMSE_u500_first', ..., sync_dist=True)` when logging on epoch level in distributed setting to accumulate the metric across devices.
/home/ebugaev/.conda/envs/weatherpred-gft-fix/lib/python3.10/site-packages/lightning/pytorch/trainer/connectors/logger_connector/result.py:441: It is recommended to use `self.log('RMSE_u500_last', ..., sync_dist=True)` when logging on epoch level in distributed setting to accumulate the metric across devices.
/home/ebugaev/.conda/envs/weatherpred-gft-fix/lib/python3.10/site-packages/lightning/pytorch/trainer/connectors/logger_connector/result.py:441: It is recommended to use `self.log('RMSE_v500_first', ..., sync_dist=True)` when logging on epoch level in distributed setting to accumulate the metric across devices.
/home/ebugaev/.conda/envs/weatherpred-gft-fix/lib/python3.10/site-packages/lightning/pytorch/trainer/connectors/logger_connector/result.py:441: It is recommended to use `self.log('RMSE_v500_last', ..., sync_dist=True)` when logging on epoch level in distributed setting to accumulate the metric across devices.
/home/ebugaev/.conda/envs/weatherpred-gft-fix/lib/python3.10/site-packages/lightning/pytorch/trainer/connectors/logger_connector/result.py:441: It is recommended to use `self.log('RMSE_u50_first', ..., sync_dist=True)` when logging on epoch level in distributed setting to accumulate the metric across devices.
/home/ebugaev/.conda/envs/weatherpred-gft-fix/lib/python3.10/site-packages/lightning/pytorch/trainer/connectors/logger_connector/result.py:441: It is recommended to use `self.log('RMSE_u50_last', ..., sync_dist=True)` when logging on epoch level in distributed setting to accumulate the metric across devices.
/home/ebugaev/.conda/envs/weatherpred-gft-fix/lib/python3.10/site-packages/lightning/pytorch/trainer/connectors/logger_connector/result.py:441: It is recommended to use `self.log('RMSE_v50_first', ..., sync_dist=True)` when logging on epoch level in distributed setting to accumulate the metric across devices.
/home/ebugaev/.conda/envs/weatherpred-gft-fix/lib/python3.10/site-packages/lightning/pytorch/trainer/connectors/logger_connector/result.py:441: It is recommended to use `self.log('RMSE_v50_last', ..., sync_dist=True)` when logging on epoch level in distributed setting to accumulate the metric across devices.
/home/ebugaev/.conda/envs/weatherpred-gft-fix/lib/python3.10/site-packages/lightning/pytorch/trainer/connectors/logger_connector/result.py:441: It is recommended to use `self.log('RMSE_u1000_first', ..., sync_dist=True)` when logging on epoch level in distributed setting to accumulate the metric across devices.
/home/ebugaev/.conda/envs/weatherpred-gft-fix/lib/python3.10/site-packages/lightning/pytorch/trainer/connectors/logger_connector/result.py:441: It is recommended to use `self.log('RMSE_u1000_last', ..., sync_dist=True)` when logging on epoch level in distributed setting to accumulate the metric across devices.
/home/ebugaev/.conda/envs/weatherpred-gft-fix/lib/python3.10/site-packages/lightning/pytorch/trainer/connectors/logger_connector/result.py:441: It is recommended to use `self.log('RMSE_v1000_first', ..., sync_dist=True)` when logging on epoch level in distributed setting to accumulate the metric across devices.
/home/ebugaev/.conda/envs/weatherpred-gft-fix/lib/python3.10/site-packages/lightning/pytorch/trainer/connectors/logger_connector/result.py:441: It is recommended to use `self.log('RMSE_v1000_last', ..., sync_dist=True)` when logging on epoch level in distributed setting to accumulate the metric across devices.
COMET INFO: ---------------------------------------------------------------------------------------
COMET INFO: Comet.ml Experiment Summary
COMET INFO: ---------------------------------------------------------------------------------------
COMET INFO:   Data:
COMET INFO:     display_summary_level : 1
COMET INFO:     name                  : PredFormer-USA
COMET INFO:     url                   : https://www.comet.com/epbugaev/weatherpredictions/oyp2n7hmzlyl19ceqvnb3b3od23dvbr2uhwiwg6sv64fujljyg
COMET INFO:   Others:
COMET INFO:     Created from : pytorch-lightning
COMET INFO:     Name         : PredFormer-USA
COMET INFO:   Parameters:
COMET INFO:     eta_min         : 0.0
COMET INFO:     loss_type       : MAE
COMET INFO:     lr              : 0.0005
COMET INFO:     max_epoch       : 20
COMET INFO:     muti_out_nums   : 6
COMET INFO:     muti_steps      : 1
COMET INFO:     steps_per_epoch : 547
COMET INFO:   Uploads:
COMET INFO:     conda-environment-definition : 1
COMET INFO:     conda-info                   : 1
COMET INFO:     conda-specification          : 1
COMET INFO:     environment details          : 1
COMET INFO:     filename                     : 1
COMET INFO:     git metadata                 : 1
COMET INFO:     installed packages           : 1
COMET INFO:     model graph                  : 1
COMET INFO:     source_code                  : 2 (24.60 KB)
COMET INFO: 
Traceback (most recent call last):
  File "/home/ebugaev/WeatherPredictions/train.py", line 268, in <module>
    train(config, devices=args.gpus_per_node, num_nodes=args.nodes, config_path=args.config)
  File "/home/ebugaev/WeatherPredictions/train.py", line 255, in train
    trainer.fit(model=lit_model, train_dataloaders=train_loader, val_dataloaders=valid_loader)
  File "/home/ebugaev/.conda/envs/weatherpred-gft-fix/lib/python3.10/site-packages/lightning/pytorch/trainer/trainer.py", line 543, in fit
    call._call_and_handle_interrupt(
  File "/home/ebugaev/.conda/envs/weatherpred-gft-fix/lib/python3.10/site-packages/lightning/pytorch/trainer/call.py", line 43, in _call_and_handle_interrupt
    return trainer.strategy.launcher.launch(trainer_fn, *args, trainer=trainer, **kwargs)
  File "/home/ebugaev/.conda/envs/weatherpred-gft-fix/lib/python3.10/site-packages/lightning/pytorch/strategies/launchers/subprocess_script.py", line 105, in launch
    return function(*args, **kwargs)
  File "/home/ebugaev/.conda/envs/weatherpred-gft-fix/lib/python3.10/site-packages/lightning/pytorch/trainer/trainer.py", line 579, in _fit_impl
    self._run(model, ckpt_path=ckpt_path)
  File "/home/ebugaev/.conda/envs/weatherpred-gft-fix/lib/python3.10/site-packages/lightning/pytorch/trainer/trainer.py", line 986, in _run
    results = self._run_stage()
  File "/home/ebugaev/.conda/envs/weatherpred-gft-fix/lib/python3.10/site-packages/lightning/pytorch/trainer/trainer.py", line 1032, in _run_stage
    self.fit_loop.run()
  File "/home/ebugaev/.conda/envs/weatherpred-gft-fix/lib/python3.10/site-packages/lightning/pytorch/loops/fit_loop.py", line 205, in run
    self.advance()
  File "/home/ebugaev/.conda/envs/weatherpred-gft-fix/lib/python3.10/site-packages/lightning/pytorch/loops/fit_loop.py", line 363, in advance
    self.epoch_loop.run(self._data_fetcher)
  File "/home/ebugaev/.conda/envs/weatherpred-gft-fix/lib/python3.10/site-packages/lightning/pytorch/loops/training_epoch_loop.py", line 138, in run
    self.advance(data_fetcher)
  File "/home/ebugaev/.conda/envs/weatherpred-gft-fix/lib/python3.10/site-packages/lightning/pytorch/loops/training_epoch_loop.py", line 242, in advance
    batch_output = self.automatic_optimization.run(trainer.optimizers[0], batch_idx, kwargs)
  File "/home/ebugaev/.conda/envs/weatherpred-gft-fix/lib/python3.10/site-packages/lightning/pytorch/loops/optimization/automatic.py", line 191, in run
    self._optimizer_step(batch_idx, closure)
  File "/home/ebugaev/.conda/envs/weatherpred-gft-fix/lib/python3.10/site-packages/lightning/pytorch/loops/optimization/automatic.py", line 269, in _optimizer_step
    call._call_lightning_module_hook(
  File "/home/ebugaev/.conda/envs/weatherpred-gft-fix/lib/python3.10/site-packages/lightning/pytorch/trainer/call.py", line 157, in _call_lightning_module_hook
    output = fn(*args, **kwargs)
  File "/home/ebugaev/.conda/envs/weatherpred-gft-fix/lib/python3.10/site-packages/lightning/pytorch/core/module.py", line 1303, in optimizer_step
    optimizer.step(closure=optimizer_closure)
  File "/home/ebugaev/.conda/envs/weatherpred-gft-fix/lib/python3.10/site-packages/lightning/pytorch/core/optimizer.py", line 152, in step
    step_output = self._strategy.optimizer_step(self._optimizer, closure, **kwargs)
  File "/home/ebugaev/.conda/envs/weatherpred-gft-fix/lib/python3.10/site-packages/lightning/pytorch/strategies/ddp.py", line 270, in optimizer_step
    optimizer_output = super().optimizer_step(optimizer, closure, model, **kwargs)
  File "/home/ebugaev/.conda/envs/weatherpred-gft-fix/lib/python3.10/site-packages/lightning/pytorch/strategies/strategy.py", line 239, in optimizer_step
    return self.precision_plugin.optimizer_step(optimizer, model=model, closure=closure, **kwargs)
  File "/home/ebugaev/.conda/envs/weatherpred-gft-fix/lib/python3.10/site-packages/lightning/pytorch/plugins/precision/precision.py", line 122, in optimizer_step
    return optimizer.step(closure=closure, **kwargs)
  File "/home/ebugaev/.conda/envs/weatherpred-gft-fix/lib/python3.10/site-packages/torch/optim/lr_scheduler.py", line 68, in wrapper
    return wrapped(*args, **kwargs)
  File "/home/ebugaev/.conda/envs/weatherpred-gft-fix/lib/python3.10/site-packages/torch/optim/optimizer.py", line 373, in wrapper
    out = func(*args, **kwargs)
  File "/home/ebugaev/.conda/envs/weatherpred-gft-fix/lib/python3.10/site-packages/torch/optim/optimizer.py", line 76, in _use_grad
    ret = func(self, *args, **kwargs)
  File "/home/ebugaev/.conda/envs/weatherpred-gft-fix/lib/python3.10/site-packages/torch/optim/adamw.py", line 161, in step
    loss = closure()
  File "/home/ebugaev/.conda/envs/weatherpred-gft-fix/lib/python3.10/site-packages/lightning/pytorch/plugins/precision/precision.py", line 108, in _wrap_closure
    closure_result = closure()
  File "/home/ebugaev/.conda/envs/weatherpred-gft-fix/lib/python3.10/site-packages/lightning/pytorch/loops/optimization/automatic.py", line 144, in __call__
    self._result = self.closure(*args, **kwargs)
  File "/home/ebugaev/.conda/envs/weatherpred-gft-fix/lib/python3.10/site-packages/torch/utils/_contextlib.py", line 115, in decorate_context
    return func(*args, **kwargs)
  File "/home/ebugaev/.conda/envs/weatherpred-gft-fix/lib/python3.10/site-packages/lightning/pytorch/loops/optimization/automatic.py", line 129, in closure
    step_output = self._step_fn()
  File "/home/ebugaev/.conda/envs/weatherpred-gft-fix/lib/python3.10/site-packages/lightning/pytorch/loops/optimization/automatic.py", line 319, in _training_step
    training_step_output = call._call_strategy_hook(trainer, "training_step", *kwargs.values())
  File "/home/ebugaev/.conda/envs/weatherpred-gft-fix/lib/python3.10/site-packages/lightning/pytorch/trainer/call.py", line 309, in _call_strategy_hook
    output = fn(*args, **kwargs)
  File "/home/ebugaev/.conda/envs/weatherpred-gft-fix/lib/python3.10/site-packages/lightning/pytorch/strategies/strategy.py", line 390, in training_step
    return self._forward_redirection(self.model, self.lightning_module, "training_step", *args, **kwargs)
  File "/home/ebugaev/.conda/envs/weatherpred-gft-fix/lib/python3.10/site-packages/lightning/pytorch/strategies/strategy.py", line 642, in __call__
    wrapper_output = wrapper_module(*args, **kwargs)
  File "/home/ebugaev/.conda/envs/weatherpred-gft-fix/lib/python3.10/site-packages/torch/nn/modules/module.py", line 1518, in _wrapped_call_impl
    return self._call_impl(*args, **kwargs)
  File "/home/ebugaev/.conda/envs/weatherpred-gft-fix/lib/python3.10/site-packages/torch/nn/modules/module.py", line 1527, in _call_impl
    return forward_call(*args, **kwargs)
  File "/home/ebugaev/.conda/envs/weatherpred-gft-fix/lib/python3.10/site-packages/torch/nn/parallel/distributed.py", line 1519, in forward
    else self._run_ddp_forward(*inputs, **kwargs)
  File "/home/ebugaev/.conda/envs/weatherpred-gft-fix/lib/python3.10/site-packages/torch/nn/parallel/distributed.py", line 1355, in _run_ddp_forward
    return self.module(*inputs, **kwargs)  # type: ignore[index]
  File "/home/ebugaev/.conda/envs/weatherpred-gft-fix/lib/python3.10/site-packages/torch/nn/modules/module.py", line 1518, in _wrapped_call_impl
    return self._call_impl(*args, **kwargs)
  File "/home/ebugaev/.conda/envs/weatherpred-gft-fix/lib/python3.10/site-packages/torch/nn/modules/module.py", line 1527, in _call_impl
    return forward_call(*args, **kwargs)
  File "/home/ebugaev/.conda/envs/weatherpred-gft-fix/lib/python3.10/site-packages/lightning/pytorch/strategies/strategy.py", line 635, in wrapped_forward
    out = method(*_args, **_kwargs)
  File "/home/ebugaev/WeatherPredictions/LitModels/mutiout_f.py", line 27, in training_step
    y_hat = self.model(x)
  File "/home/ebugaev/.conda/envs/weatherpred-gft-fix/lib/python3.10/site-packages/torch/nn/modules/module.py", line 1518, in _wrapped_call_impl
    return self._call_impl(*args, **kwargs)
  File "/home/ebugaev/.conda/envs/weatherpred-gft-fix/lib/python3.10/site-packages/torch/nn/modules/module.py", line 1527, in _call_impl
    return forward_call(*args, **kwargs)
  File "/home/ebugaev/WeatherPredictions/Models/PredFormer.py", line 264, in forward
    x_combined = blk(x_combined)
  File "/home/ebugaev/.conda/envs/weatherpred-gft-fix/lib/python3.10/site-packages/torch/nn/modules/module.py", line 1518, in _wrapped_call_impl
    return self._call_impl(*args, **kwargs)
  File "/home/ebugaev/.conda/envs/weatherpred-gft-fix/lib/python3.10/site-packages/torch/nn/modules/module.py", line 1527, in _call_impl
    return forward_call(*args, **kwargs)
  File "/home/ebugaev/WeatherPredictions/Models/PredFormer.py", line 151, in forward
    x_t = self.temporal_transformer_first(x_t)
  File "/home/ebugaev/.conda/envs/weatherpred-gft-fix/lib/python3.10/site-packages/torch/nn/modules/module.py", line 1518, in _wrapped_call_impl
    return self._call_impl(*args, **kwargs)
  File "/home/ebugaev/.conda/envs/weatherpred-gft-fix/lib/python3.10/site-packages/torch/nn/modules/module.py", line 1527, in _call_impl
    return forward_call(*args, **kwargs)
  File "/home/ebugaev/WeatherPredictions/Models/PredFormer.py", line 130, in forward
    x = x + drop_path2(ff(x))
  File "/home/ebugaev/.conda/envs/weatherpred-gft-fix/lib/python3.10/site-packages/torch/nn/modules/module.py", line 1518, in _wrapped_call_impl
    return self._call_impl(*args, **kwargs)
  File "/home/ebugaev/.conda/envs/weatherpred-gft-fix/lib/python3.10/site-packages/torch/nn/modules/module.py", line 1527, in _call_impl
    return forward_call(*args, **kwargs)
  File "/home/ebugaev/WeatherPredictions/Models/PredFormer.py", line 19, in forward
    return self.fn(self.norm(x), **kwargs)
  File "/home/ebugaev/.conda/envs/weatherpred-gft-fix/lib/python3.10/site-packages/torch/nn/modules/module.py", line 1518, in _wrapped_call_impl
    return self._call_impl(*args, **kwargs)
  File "/home/ebugaev/.conda/envs/weatherpred-gft-fix/lib/python3.10/site-packages/torch/nn/modules/module.py", line 1527, in _call_impl
    return forward_call(*args, **kwargs)
  File "/home/ebugaev/WeatherPredictions/Models/PredFormer.py", line 96, in forward
    x = self.fc1_x(x)
  File "/home/ebugaev/.conda/envs/weatherpred-gft-fix/lib/python3.10/site-packages/torch/nn/modules/module.py", line 1518, in _wrapped_call_impl
    return self._call_impl(*args, **kwargs)
  File "/home/ebugaev/.conda/envs/weatherpred-gft-fix/lib/python3.10/site-packages/torch/nn/modules/module.py", line 1527, in _call_impl
    return forward_call(*args, **kwargs)
  File "/home/ebugaev/.conda/envs/weatherpred-gft-fix/lib/python3.10/site-packages/torch/nn/modules/linear.py", line 114, in forward
    return F.linear(input, self.weight, self.bias)
torch.cuda.OutOfMemoryError: CUDA out of memory. Tried to allocate 96.00 MiB. GPU 0 has a total capacty of 31.73 GiB of which 44.69 MiB is free. Including non-PyTorch memory, this process has 31.69 GiB memory in use. Of the allocated memory 30.92 GiB is allocated by PyTorch, and 109.43 MiB is reserved by PyTorch but unallocated. If reserved but unallocated memory is large try setting max_split_size_mb to avoid fragmentation.  See documentation for Memory Management and PYTORCH_CUDA_ALLOC_CONF
Sanity Checking: |          | 0/? [00:00<?, ?it/s]Sanity Checking:   0%|          | 0/2 [00:00<?, ?it/s]Sanity Checking DataLoader 0:   0%|          | 0/2 [00:00<?, ?it/s]Sanity Checking DataLoader 0:  50%|█████     | 1/2 [00:12<00:12,  0.08it/s]Sanity Checking DataLoader 0: 100%|██████████| 2/2 [00:14<00:00,  0.14it/s]                                                                           Training: |          | 0/? [00:00<?, ?it/s]Training:   0%|          | 0/547 [00:00<?, ?it/s]Epoch 0:   0%|          | 0/547 [00:00<?, ?it/s] Epoch 0:   0%|          | 0/547 [04:57<?, ?it/s]
srun: error: cn-019: task 0: Exited with exit code 1
